// Jest Snapshot v1, https://goo.gl/fbAQLP

exports[`ActionsFab renders and matches snapshot 1`] = `
<div>
  <ion-app>
    <span
      data-testid="actions-fab"
    >
      <ion-fab
        horizontal="end"
        slot="fixed"
        vertical="bottom"
      >
        <ion-fab-button>
          <ion-badge
            color="primary"
          >
            0
          </ion-badge>
        </ion-fab-button>
        <ion-fab-list
          side="top"
        >
          <ion-fab-button
            color="danger"
          >
            <ion-icon
              icon="list"
            />
          </ion-fab-button>
          <ion-fab-button
            color="danger"
          >
            <ion-icon
              icon="close"
            />
          </ion-fab-button>
        </ion-fab-list>
      </ion-fab>
    </span>
  </ion-app>
</div>
`;
